https://www.apache.org/licenses/LICENSE-2.0.html

Flutter: Building a WhatsApp Clone from scratch | UI | Material Design
https://github.com/iampawan/FlutterWhatsAppClone
https://www.youtube.com/watch?v=2Tyrofn6zPg

:\FlutterProjects\flutter_whatsapp>emulator -list-avds
Nexus_5X_API_27_x86
Nexus_9_API_28
VisualStudio_android-23_arm_phone
VisualStudio_android-23_arm_tablet
VisualStudio_android-23_x86_phone
VisualStudio_android-23_x86_tablet

https://stackoverflow.com/questions/26483370/android-emulator-error-message-panic-missing-emulator-engine-program-for-x86

D:\FlutterProjects\flutter_whatsapp>emulator @Nexus_5X_API_27_x86
PANIC: Missing emulator engine program for 'x86' CPU.

D:\FlutterProjects\flutter_whatsapp>emulator @Nexus_9_API_28
PANIC: Missing emulator engine program for 'x86' CPU.

D:\FlutterProjects\flutter_whatsapp>emulator @VisualStudio_android-23_arm_phone
PANIC: Cannot find AVD system path. Please define ANDROID_SDK_ROOT

D:\FlutterProjects\flutter_whatsapp>emulator @VisualStudio_android-23_arm_phone
PANIC: Cannot find AVD system path. Please define ANDROID_SDK_ROOT

D:\Android\android-sdk\tools>mklink emulator.exe emulator-x86.exe

D:\Android\android-sdk\tools>emulator-check hyper-v
hyper-v:
0
Hyper-V is not installed


Imagenes:
---------------
www.pexels.com
imgur.com
material.io/icons

https://images.pexels.com/photos/1418906/pexels-photo-1418906.jpeg?cs=srgb&dl=background-colourful-fashion-1418906.jpg&fm=jpg


          new ListTile(
            leading: new CircleAvatar(
              foregroundColor: Theme.of(context).primaryColor,
              backgroundColor: Colors.grey,
              backgroundImage: new NetworkImage(dummyData[i].avatarUrl),
            ),

			
            leading: new Container(
              height: 100.0,
              width: 100.0,
              child: new CustomCircleAvatar(
                initials: "",
                myImage: new NetworkImage(dummyData[i].avatarUrl),
              ),
            ),
			
              _checkOnce == true
                  ? new Text(
                      "Recientes",
                      style: TextStyle(
                          fontWeight: FontWeight.bold,
                          color: new Color(0xff075E54)),
                      textAlign: TextAlign.left,
                    )
                  : _checkOnce = false,
			

			